// Jest Snapshot v1, https://goo.gl/fbAQLP

exports[`Dog component renders dog component 1`] = `
<dl>
  <dt>
    Name
  </dt>
  <dd>
    Spot
  </dd>
  <dt>
    Age
  </dt>
  <dd>
    5
  </dd>
  <dt>
    Weight
  </dt>
  <dd>
    20 lbs
  </dd>
</dl>
`;
